// Vitest Snapshot v1, https://vitest.dev/guide/snapshot.html

exports[`QuangTabsComponent > Snapshot Tests > should match snapshot with default tabs 1`] = `"<!--container--><button type="button" class="flex-grow-1 btn btn-only-text selected"> First </button><!--container--><!--container--><button type="button" class="flex-grow-1 btn btn-only-text"> Second </button><!--container--><!--container-->"`;

exports[`QuangTabsComponent > Snapshot Tests > should match snapshot with first tab selected 1`] = `"<!--container--><button type="button" class="flex-grow-1 btn btn-only-text selected"> First </button><!--container--><!--container--><button type="button" class="flex-grow-1 btn btn-only-text"> Second </button><!--container--><!--container-->"`;

exports[`QuangTabsComponent > Snapshot Tests > should match snapshot with second tab selected 1`] = `"<!--container--><button type="button" class="flex-grow-1 btn btn-only-text"> First </button><!--container--><!--container--><button type="button" class="flex-grow-1 btn btn-only-text selected"> Second </button><!--container--><!--container-->"`;
