// Vitest Snapshot v1, https://vitest.dev/guide/snapshot.html

exports[`QuangTabsComponent > Snapshot Tests > should match snapshot with default tabs 1`] = `"<!--container--><button role="tab" type="button" class="flex-grow-1 btn btn-only-text selected" aria-selected="true"> First </button><!--container--><!--container--><button role="tab" type="button" class="flex-grow-1 btn btn-only-text" aria-selected="false"> Second </button><!--container--><!--container-->"`;

exports[`QuangTabsComponent > Snapshot Tests > should match snapshot with first tab selected 1`] = `"<!--container--><button role="tab" type="button" class="flex-grow-1 btn btn-only-text selected" aria-selected="true"> First </button><!--container--><!--container--><button role="tab" type="button" class="flex-grow-1 btn btn-only-text" aria-selected="false"> Second </button><!--container--><!--container-->"`;

exports[`QuangTabsComponent > Snapshot Tests > should match snapshot with second tab selected 1`] = `"<!--container--><button role="tab" type="button" class="flex-grow-1 btn btn-only-text" aria-selected="false"> First </button><!--container--><!--container--><button role="tab" type="button" class="flex-grow-1 btn btn-only-text selected" aria-selected="true"> Second </button><!--container--><!--container-->"`;
